                                    description                                           class 
"./outdat_trainmode/20170318_150105/runall.log"                                          "file" 
                                           mode                                            text 
                                            "r"                                          "text" 
                                         opened                                        can read 
                                       "opened"                                            "no" 
                                      can write 
                                          "yes" 

> flog.threshold(INFO)
NULL

> set_options()

> input_dir = "./input_data"

> library(caret)

> traindata <- read.csv(file.path(input_dir, "train.txt"), row.names="RPT", header=F, na.strings=c(".",""), as.is=c("RPT","AGEGRP"), col.names = c("Pe ..." ... [TRUNCATED] 
Warning in read.table(file = file, header = header, sep = sep, quote = quote,  :
  not all columns named in 'as.is' exist
Error in data[[rowvar]] : attempt to select less than one element
In addition: Warning message:
In sink() : no sink to remove

> source("./Utilities.R")

> ## main
> out_dir ="./outdat_trainmode"

> out_dir <- setup_outdir(out_dir)

> sink()
